 
****************************************
Report : power
        -net
        -analysis_effort low
        -sort_mode net_switching_power
Design : SIPISOALU
Version: F-2011.09-SP3
Date   : Thu Apr 14 15:30:42 2022
****************************************


Library(s) Used:

    NangateOpenCellLibrary (File: /home/mariagrazia.graziano/do/libnangate/NangateOpenCellLibrary_typical_ecsm.db)


Operating Conditions: typical   Library: NangateOpenCellLibrary
Wire Load Model Mode: top

Design        Wire Load Model            Library
------------------------------------------------
SIPISOALU              5K_hvratio_1_1    NangateOpenCellLibrary


Global Operating Voltage = 1.1  
Power-specific unit information :
    Voltage Units = 1V
    Capacitance Units = 1.000000ff
    Time Units = 1ns
    Dynamic Power Units = 1uW    (derived from V,C,T units)
    Leakage Power Units = 1nW



  Attributes
  ----------
      a  -  Switching activity information annotated on net
      d  -  Default switching activity information on net

                             Total      Static   Toggle   Switching
Net                          Net Load   Prob.    Rate     Power      Attrs
--------------------------------------------------------------------------------
n118                          32.022    0.500    0.0100      0.1937  d
LDB                           21.092    0.112    0.0061      0.0780  
EA                            12.325    0.149    0.0065      0.0482  
n153                           1.999    0.494    0.0129      0.0156  
n128                           6.981    0.111    0.0033      0.0138  
n125                           6.983    0.098    0.0031      0.0131  
n120                           6.613    0.888    0.0032      0.0128  
n131                           6.047    0.109    0.0035      0.0127  
n83                            6.729    0.888    0.0030      0.0123  
n139                           2.883    0.178    0.0062      0.0109  
LDC                           15.720    0.006    0.0011      0.0105  
n142                           2.883    0.167    0.0057      0.0100  
n124                           4.503    0.890    0.0034      0.0093  
n137                           1.933    0.178    0.0076      0.0089  
n146                           2.542    0.839    0.0053      0.0082  
n141                           1.894    0.170    0.0069      0.0079  
n143                           1.972    0.836    0.0063      0.0075  
n82                            3.984    0.902    0.0031      0.0074  
n150                           1.882    0.870    0.0056      0.0063  
n119                           4.516    0.950    0.0023      0.0062  
n149                           4.063    0.050    0.0023      0.0056  
n154                           1.980    0.929    0.0044      0.0053  
n159                           1.980    0.943    0.0041      0.0049  
n160                           1.980    0.946    0.0041      0.0049  
n130                           2.883    0.092    0.0028      0.0048  
n155                           1.980    0.940    0.0040      0.0048  
n129                           2.542    0.114    0.0031      0.0047  
n158                           1.980    0.943    0.0039      0.0047  
n157                           1.980    0.944    0.0039      0.0047  
n156                           1.980    0.950    0.0037      0.0044  
n138                           2.542    0.943    0.0028      0.0043  
n145                           6.225    0.981    0.0011      0.0041  
n116                           5.952    0.019    0.0011      0.0040  
n136                           6.149    0.014    0.0010      0.0039  
n84                            1.974    0.112    0.0032      0.0039  
n121                           1.882    0.889    0.0032      0.0037  
n122                           1.882    0.886    0.0030      0.0035  
n46                            1.438    0.121    0.0039      0.0034  
n40                            1.438    0.124    0.0037      0.0032  
n39                            1.438    0.124    0.0037      0.0032  
n123                           1.882    0.908    0.0027      0.0031  
n41                            1.438    0.124    0.0035      0.0031  
n42                            1.438    0.126    0.0035      0.0030  
n147                           2.721    0.046    0.0018      0.0029  
n44                            1.438    0.108    0.0033      0.0029  
n43                            1.438    0.102    0.0030      0.0026  
n152                           1.980    0.990    0.0013      0.0015  
n132                           3.985    0.003    0.0006      0.0015  
n31                            1.972    0.972    0.0011      0.0014  
n117                           1.882    0.994    0.0011      0.0013  
n135                           1.980    0.992    0.0010      0.0012  
SHIFTC                         1.961    0.014    0.0010      0.0012  
n148                           1.999    0.977    0.0009      0.0011  
n48                            1.438    0.031    0.0012      0.0011  
n133                           1.894    0.009    0.0009      0.0011  
n126                           1.882    0.991    0.0009      0.0010  
n151                           1.980    0.979    0.0008      0.0010  
n140                           1.980    0.994    0.0008      0.0010  
n134                           1.997    0.005    0.0008      0.0009  
n51                            1.438    0.010    0.0010      0.0009  
n127                           1.972    0.994    0.0007      0.0009  
n50                            1.438    0.006    0.0008      0.0007  
n49                            1.438    0.003    0.0006      0.0006  
C                              0.310    0.028    0.0011      0.0002  
n144                           1.980    1.000    0.0000      0.0000  
--------------------------------------------------------------------------------
Total (65 nets)                                            615.4309 nW
1
